// Jest Snapshot v1, https://goo.gl/fbAQLP

exports[`----- Footer ----- renders the UI as expected 1`] = `
<footer>
  <p>
    Â© 2021 Jonah Tarver
  </p>
</footer>
`;
